2025-04-12 19:38:31 [scrapy.utils.log] INFO: Scrapy 2.12.0 started (bot: jobs_project)
2025-04-12 19:38:31 [scrapy.utils.log] INFO: Versions: lxml 5.3.2.0, libxml2 2.12.10, cssselect 1.3.0, parsel 1.10.0, w3lib 2.3.1, Twisted 24.11.0, Python 3.10.17 (main, Apr  9 2025, 22:35:48) [GCC 12.2.0], pyOpenSSL 25.0.0 (OpenSSL 3.4.1 11 Feb 2025), cryptography 44.0.2, Platform Linux-6.10.14-linuxkit-aarch64-with-glibc2.36
2025-04-12 19:38:31 [scrapy.addons] INFO: Enabled addons:
[]
2025-04-12 19:38:31 [scrapy.extensions.telnet] INFO: Telnet Password: 865014bcca23c083
2025-04-12 19:38:31 [scrapy.middleware] INFO: Enabled extensions:
['scrapy.extensions.corestats.CoreStats',
 'scrapy.extensions.telnet.TelnetConsole',
 'scrapy.extensions.memusage.MemoryUsage',
 'scrapy.extensions.logstats.LogStats']
2025-04-12 19:38:31 [scrapy.crawler] INFO: Overridden settings:
{'BOT_NAME': 'jobs_project',
 'FEED_EXPORT_ENCODING': 'utf-8',
 'LOG_FILE': '/usr/src/app/logs/scrapy.log',
 'LOG_LEVEL': 'INFO',
 'NEWSPIDER_MODULE': 'jobs_project.spiders',
 'ROBOTSTXT_OBEY': True,
 'SPIDER_MODULES': ['jobs_project.spiders'],
 'TWISTED_REACTOR': 'twisted.internet.asyncioreactor.AsyncioSelectorReactor'}
2025-04-12 19:38:31 [scrapy.middleware] INFO: Enabled downloader middlewares:
['scrapy.downloadermiddlewares.offsite.OffsiteMiddleware',
 'scrapy.downloadermiddlewares.robotstxt.RobotsTxtMiddleware',
 'scrapy.downloadermiddlewares.httpauth.HttpAuthMiddleware',
 'scrapy.downloadermiddlewares.downloadtimeout.DownloadTimeoutMiddleware',
 'scrapy.downloadermiddlewares.defaultheaders.DefaultHeadersMiddleware',
 'scrapy.downloadermiddlewares.useragent.UserAgentMiddleware',
 'scrapy.downloadermiddlewares.retry.RetryMiddleware',
 'scrapy.downloadermiddlewares.redirect.MetaRefreshMiddleware',
 'scrapy.downloadermiddlewares.httpcompression.HttpCompressionMiddleware',
 'scrapy.downloadermiddlewares.redirect.RedirectMiddleware',
 'scrapy.downloadermiddlewares.cookies.CookiesMiddleware',
 'scrapy.downloadermiddlewares.httpproxy.HttpProxyMiddleware',
 'scrapy.downloadermiddlewares.stats.DownloaderStats']
2025-04-12 19:38:31 [scrapy.middleware] INFO: Enabled spider middlewares:
['scrapy.spidermiddlewares.httperror.HttpErrorMiddleware',
 'scrapy.spidermiddlewares.referer.RefererMiddleware',
 'scrapy.spidermiddlewares.urllength.UrlLengthMiddleware',
 'scrapy.spidermiddlewares.depth.DepthMiddleware']
2025-04-12 19:38:31 [scrapy.middleware] INFO: Enabled item pipelines:
['jobs_project.pipelines.RedisDeduplicationPipeline',
 'jobs_project.pipelines.MongoPipeline']
2025-04-12 19:38:31 [scrapy.core.engine] INFO: Spider opened
2025-04-12 19:38:31 [job_spider] INFO: Opening Redis connection for deduplication pipeline.
2025-04-12 19:38:31 [job_spider] INFO: Opening MongoDB connection for pipeline.
2025-04-12 19:38:31 [scrapy.extensions.logstats] INFO: Crawled 0 pages (at 0 pages/min), scraped 0 items (at 0 items/min)
2025-04-12 19:38:31 [scrapy.extensions.telnet] INFO: Telnet console listening on 127.0.0.1:6023
2025-04-12 19:38:32 [job_spider] INFO: Processing file: s01.json
2025-04-12 19:38:32 [job_spider] INFO: Item inserted for req_id: 403466BR
2025-04-12 19:38:32 [job_spider] INFO: Processing file: s02.json
2025-04-12 19:38:32 [job_spider] INFO: Item inserted for req_id: 200002WM
2025-04-12 19:38:32 [job_spider] INFO: Item inserted for req_id: USA6707S164
2025-04-12 19:38:32 [job_spider] INFO: Item inserted for req_id: USA3292S164
2025-04-12 19:38:32 [job_spider] INFO: Item inserted for req_id: USA1000S135
2025-04-12 19:38:32 [job_spider] INFO: Item inserted for req_id: 200002WL
2025-04-12 19:38:32 [job_spider] INFO: Item inserted for req_id: 200001OY
2025-04-12 19:38:32 [job_spider] INFO: Item inserted for req_id: 180001SH
2025-04-12 19:38:32 [job_spider] INFO: Item inserted for req_id: USA4295S135P
2025-04-12 19:38:32 [job_spider] INFO: Item inserted for req_id: USA0927S164
2025-04-12 19:38:32 [job_spider] INFO: Item inserted for req_id: USA6048S135
2025-04-12 19:38:32 [job_spider] INFO: Item inserted for req_id: USA6153S135P
2025-04-12 19:38:32 [job_spider] INFO: Item inserted for req_id: USA0146S135P
2025-04-12 19:38:32 [job_spider] INFO: Item inserted for req_id: USA0902S173P
2025-04-12 19:38:32 [job_spider] INFO: Item inserted for req_id: USA1814S164
2025-04-12 19:38:32 [job_spider] INFO: Item inserted for req_id: USA0110S135
2025-04-12 19:38:32 [job_spider] INFO: Item inserted for req_id: 409553BR
2025-04-12 19:38:32 [job_spider] INFO: Item inserted for req_id: 413028BR
2025-04-12 19:38:32 [job_spider] INFO: Item inserted for req_id: P25-6758-9
2025-04-12 19:38:32 [job_spider] INFO: Item inserted for req_id: P25-6757-2
2025-04-12 19:38:32 [job_spider] INFO: Item inserted for req_id: P25-6976-31
2025-04-12 19:38:32 [job_spider] INFO: Item inserted for req_id: P25-6964-27
2025-04-12 19:38:32 [job_spider] INFO: Item inserted for req_id: P25-79612-3
2025-04-12 19:38:32 [job_spider] INFO: Item inserted for req_id: P25-6838-53
2025-04-12 19:38:32 [job_spider] INFO: Item inserted for req_id: P25-6671-50
2025-04-12 19:38:32 [job_spider] INFO: Item inserted for req_id: P25-6914-52
2025-04-12 19:38:32 [job_spider] INFO: Item inserted for req_id: P25-6936-38
2025-04-12 19:38:32 [job_spider] INFO: Item inserted for req_id: P25-7287-7
2025-04-12 19:38:32 [job_spider] INFO: Item inserted for req_id: P25-6641-52
2025-04-12 19:38:32 [job_spider] INFO: Item inserted for req_id: P25-7236-26
2025-04-12 19:38:32 [job_spider] INFO: Item inserted for req_id: P25-7216-50
2025-04-12 19:38:32 [job_spider] INFO: Item inserted for req_id: RC695912
2025-04-12 19:38:32 [job_spider] INFO: Item inserted for req_id: RC696760
2025-04-12 19:38:32 [job_spider] INFO: Item inserted for req_id: USA1458S135P
2025-04-12 19:38:32 [job_spider] INFO: Item inserted for req_id: USA5963S164
2025-04-12 19:38:32 [job_spider] INFO: Item inserted for req_id: USA1821S164
2025-04-12 19:38:32 [job_spider] INFO: Item inserted for req_id: USA6703S164
2025-04-12 19:38:32 [job_spider] INFO: Item inserted for req_id: USA3418S164
2025-04-12 19:38:32 [job_spider] INFO: Item inserted for req_id: 2000040Y
2025-04-12 19:38:32 [job_spider] INFO: Item inserted for req_id: USA3762S135
2025-04-12 19:38:32 [job_spider] INFO: Item inserted for req_id: 21000152
2025-04-12 19:38:32 [job_spider] INFO: Item inserted for req_id: USA3402S164
2025-04-12 19:38:32 [job_spider] INFO: Item inserted for req_id: USA5234S164
2025-04-12 19:38:32 [job_spider] INFO: Item inserted for req_id: USA1813S135P
2025-04-12 19:38:32 [job_spider] INFO: Item inserted for req_id: USA0317S135
2025-04-12 19:38:32 [job_spider] INFO: Item inserted for req_id: USA1848S164
2025-04-12 19:38:32 [job_spider] INFO: Item inserted for req_id: RC689973
2025-04-12 19:38:32 [job_spider] INFO: Item inserted for req_id: RC693862
2025-04-12 19:38:32 [job_spider] INFO: Item inserted for req_id: RC697275
2025-04-12 19:38:32 [job_spider] INFO: Item inserted for req_id: RC697888
2025-04-12 19:38:32 [job_spider] INFO: Item inserted for req_id: RC697487
2025-04-12 19:38:32 [job_spider] INFO: Item inserted for req_id: RC696816
2025-04-12 19:38:32 [job_spider] INFO: Item inserted for req_id: RC697227
2025-04-12 19:38:32 [job_spider] INFO: Item inserted for req_id: RC697191
2025-04-12 19:38:32 [job_spider] INFO: Item inserted for req_id: RC696320
2025-04-12 19:38:32 [job_spider] INFO: Item inserted for req_id: RC697562
2025-04-12 19:38:32 [job_spider] INFO: Item inserted for req_id: RC696970
2025-04-12 19:38:32 [job_spider] INFO: Item inserted for req_id: RC697871
2025-04-12 19:38:32 [job_spider] INFO: Item inserted for req_id: RC696874
2025-04-12 19:38:32 [job_spider] INFO: Item inserted for req_id: RC697536
2025-04-12 19:38:32 [job_spider] INFO: Item inserted for req_id: RC696910
2025-04-12 19:38:32 [job_spider] INFO: Item inserted for req_id: RC697726
2025-04-12 19:38:32 [job_spider] INFO: Item inserted for req_id: RC698240
2025-04-12 19:38:32 [job_spider] INFO: Item inserted for req_id: RC695939
2025-04-12 19:38:32 [job_spider] INFO: Item inserted for req_id: RC697415
2025-04-12 19:38:32 [job_spider] INFO: Item inserted for req_id: USA6607S164
2025-04-12 19:38:32 [job_spider] INFO: Item inserted for req_id: USA0317S164
2025-04-12 19:38:32 [job_spider] INFO: Item inserted for req_id: USA2326S135
2025-04-12 19:38:32 [job_spider] INFO: Item inserted for req_id: USA0110S420
2025-04-12 19:38:32 [job_spider] INFO: Item inserted for req_id: 200001OZ
2025-04-12 19:38:32 [job_spider] INFO: Item inserted for req_id: USA4325S164
2025-04-12 19:38:32 [job_spider] INFO: Item inserted for req_id: USA0594S135P
2025-04-12 19:38:32 [job_spider] INFO: Item inserted for req_id: USA2201S135
2025-04-12 19:38:32 [job_spider] INFO: Item inserted for req_id: USA0922S135P
2025-04-12 19:38:32 [job_spider] INFO: Item inserted for req_id: USA4690S135
2025-04-12 19:38:32 [job_spider] INFO: Item inserted for req_id: USA0009S164P
2025-04-12 19:38:32 [job_spider] INFO: Item inserted for req_id: USA3078S135P
2025-04-12 19:38:32 [job_spider] INFO: Item inserted for req_id: USA3605S135P
2025-04-12 19:38:32 [job_spider] INFO: Item inserted for req_id: USA0503S164
2025-04-12 19:38:32 [job_spider] INFO: Item inserted for req_id: USA3012S135
2025-04-12 19:38:32 [job_spider] INFO: Item inserted for req_id: USA6601S164
2025-04-12 19:38:32 [job_spider] INFO: Item inserted for req_id: USA4933S164
2025-04-12 19:38:32 [job_spider] INFO: Item inserted for req_id: USA5392S135P
2025-04-12 19:38:32 [job_spider] INFO: Item inserted for req_id: USA6707S135P
2025-04-12 19:38:32 [job_spider] INFO: Item inserted for req_id: USA5392S164
2025-04-12 19:38:32 [job_spider] INFO: Item inserted for req_id: USA5773S164
2025-04-12 19:38:32 [job_spider] INFO: Item inserted for req_id: RC697870
2025-04-12 19:38:32 [job_spider] INFO: Item inserted for req_id: RC696259
2025-04-12 19:38:32 [job_spider] INFO: Item inserted for req_id: RC696146
2025-04-12 19:38:32 [job_spider] INFO: Item inserted for req_id: RC696583
2025-04-12 19:38:32 [job_spider] INFO: Item inserted for req_id: RC694698
2025-04-12 19:38:32 [job_spider] INFO: Item inserted for req_id: RC689415
2025-04-12 19:38:32 [job_spider] INFO: Item inserted for req_id: RC697933
2025-04-12 19:38:32 [job_spider] INFO: Item inserted for req_id: RC636017
2025-04-12 19:38:32 [job_spider] INFO: Item inserted for req_id: RC676655
2025-04-12 19:38:32 [job_spider] INFO: Item inserted for req_id: RC696949
2025-04-12 19:38:32 [job_spider] INFO: Item inserted for req_id: RC696252
2025-04-12 19:38:32 [job_spider] INFO: Item inserted for req_id: RC696868
2025-04-12 19:38:32 [job_spider] INFO: Item inserted for req_id: RC697829
2025-04-12 19:38:32 [job_spider] INFO: Item inserted for req_id: RC697149
2025-04-12 19:38:32 [job_spider] INFO: Item inserted for req_id: RC694987
2025-04-12 19:38:32 [job_spider] INFO: Item inserted for req_id: USA5835S164
2025-04-12 19:38:32 [job_spider] INFO: Item inserted for req_id: USA2205S135P
2025-04-12 19:38:32 [job_spider] INFO: Item inserted for req_id: USA6035S164
2025-04-12 19:38:32 [job_spider] INFO: Item inserted for req_id: USA1812S164
2025-04-12 19:38:32 [job_spider] INFO: Item inserted for req_id: USA6645S135
2025-04-12 19:38:32 [job_spider] INFO: Item inserted for req_id: USA4904S135P
2025-04-12 19:38:32 [job_spider] INFO: Item inserted for req_id: 210000SD
2025-04-12 19:38:32 [job_spider] INFO: Item inserted for req_id: USA2841S135P
2025-04-12 19:38:32 [job_spider] INFO: Item inserted for req_id: USA3078S164
2025-04-12 19:38:32 [job_spider] INFO: Item inserted for req_id: USA1210S135P
2025-04-12 19:38:32 [job_spider] INFO: Item inserted for req_id: USA2376S135P
2025-04-12 19:38:32 [job_spider] INFO: Item inserted for req_id: 210000SK
2025-04-12 19:38:32 [job_spider] INFO: Item inserted for req_id: USA3292S135
2025-04-12 19:38:32 [job_spider] INFO: Item inserted for req_id: USA3413S135
2025-04-12 19:38:32 [job_spider] INFO: Item inserted for req_id: USA6600S135P
2025-04-12 19:38:32 [job_spider] INFO: Item inserted for req_id: RC696897
2025-04-12 19:38:32 [job_spider] INFO: Item inserted for req_id: RC697467
2025-04-12 19:38:32 [job_spider] INFO: Item inserted for req_id: RC697189
2025-04-12 19:38:32 [job_spider] INFO: Item inserted for req_id: 408754BR
2025-04-12 19:38:32 [job_spider] INFO: Item inserted for req_id: 51233
2025-04-12 19:38:32 [job_spider] INFO: Item inserted for req_id: P25-6534-89
2025-04-12 19:38:32 [job_spider] INFO: Item inserted for req_id: 51042
2025-04-12 19:38:32 [job_spider] INFO: Item inserted for req_id: P25-6968-61
2025-04-12 19:38:32 [job_spider] INFO: Item inserted for req_id: P25-7296-28
2025-04-12 19:38:32 [job_spider] INFO: Item inserted for req_id: P25-7044-32
2025-04-12 19:38:32 [job_spider] INFO: Item inserted for req_id: P25-7246-60
2025-04-12 19:38:32 [job_spider] INFO: Item inserted for req_id: 412437BR
2025-04-12 19:38:32 [job_spider] INFO: Item inserted for req_id: 404996BR
2025-04-12 19:38:32 [job_spider] INFO: Item inserted for req_id: 51096
2025-04-12 19:38:32 [job_spider] INFO: Item inserted for req_id: USA0858S135P
2025-04-12 19:38:32 [job_spider] INFO: Item inserted for req_id: USA1392S164
2025-04-12 19:38:32 [job_spider] INFO: Item inserted for req_id: 1900027H
2025-04-12 19:38:32 [job_spider] INFO: Item inserted for req_id: USA4335S164
2025-04-12 19:38:32 [job_spider] INFO: Item inserted for req_id: USA0858S421
2025-04-12 19:38:32 [job_spider] INFO: Item inserted for req_id: USA0341S135
2025-04-12 19:38:32 [job_spider] INFO: Item inserted for req_id: USA0584S135
2025-04-12 19:38:32 [job_spider] INFO: Item inserted for req_id: USA1818S135
2025-04-12 19:38:32 [job_spider] INFO: Item inserted for req_id: USA5261S420
2025-04-12 19:38:32 [job_spider] INFO: Item inserted for req_id: USA0465S135P
2025-04-12 19:38:32 [job_spider] INFO: Item inserted for req_id: USA3381S135P
2025-04-12 19:38:32 [job_spider] INFO: Item inserted for req_id: USA2376S164
2025-04-12 19:38:32 [job_spider] INFO: Item inserted for req_id: USA5002S164
2025-04-12 19:38:32 [job_spider] INFO: Item inserted for req_id: USA6266S164
2025-04-12 19:38:32 [job_spider] INFO: Item inserted for req_id: USA6486S135
2025-04-12 19:38:32 [job_spider] INFO: Item inserted for req_id: USA4569S164
2025-04-12 19:38:32 [job_spider] INFO: Item inserted for req_id: USA6107S164
2025-04-12 19:38:32 [job_spider] INFO: Item inserted for req_id: 51166
2025-04-12 19:38:32 [job_spider] INFO: Item inserted for req_id: P25-6911-45
2025-04-12 19:38:32 [job_spider] INFO: Item inserted for req_id: P25-6774-39
2025-04-12 19:38:32 [job_spider] INFO: Item inserted for req_id: P25-6785-26
2025-04-12 19:38:32 [job_spider] INFO: Item inserted for req_id: 412427BR
2025-04-12 19:38:32 [job_spider] INFO: Item inserted for req_id: P25-7284-8
2025-04-12 19:38:32 [job_spider] INFO: Item inserted for req_id: P25-6773-5
2025-04-12 19:38:32 [job_spider] INFO: Item inserted for req_id: P25-6932-35
2025-04-12 19:38:32 [job_spider] INFO: Item inserted for req_id: 51294
2025-04-12 19:38:32 [job_spider] INFO: Item inserted for req_id: P25-6610-50
2025-04-12 19:38:32 [job_spider] INFO: Item inserted for req_id: P25-7249-29
2025-04-12 19:38:32 [job_spider] INFO: Item inserted for req_id: P25-5939-62
2025-04-12 19:38:32 [job_spider] INFO: Item inserted for req_id: 413019BR
2025-04-12 19:38:32 [job_spider] INFO: Item inserted for req_id: 403093BR
2025-04-12 19:38:32 [job_spider] INFO: Item inserted for req_id: 402626BR
2025-04-12 19:38:32 [job_spider] INFO: Item inserted for req_id: 51255
2025-04-12 19:38:32 [job_spider] INFO: Item inserted for req_id: P25-6660-29
2025-04-12 19:38:32 [job_spider] INFO: Item inserted for req_id: P25-6574-11
2025-04-12 19:38:32 [job_spider] INFO: Item inserted for req_id: P25-7288-8
2025-04-12 19:38:32 [job_spider] INFO: Item inserted for req_id: USA6229S135
2025-04-12 19:38:32 [job_spider] INFO: Item inserted for req_id: USA3258S164
2025-04-12 19:38:32 [job_spider] INFO: Item inserted for req_id: USA3177S164
2025-04-12 19:38:32 [job_spider] INFO: Item inserted for req_id: USA1814S135
2025-04-12 19:38:32 [job_spider] INFO: Item inserted for req_id: USA5247S135P
2025-04-12 19:38:32 [job_spider] INFO: Item inserted for req_id: USA2443S135P
2025-04-12 19:38:32 [job_spider] INFO: Item inserted for req_id: USA2759S135
2025-04-12 19:38:32 [job_spider] INFO: Item inserted for req_id: USA1392S135P
2025-04-12 19:38:32 [job_spider] INFO: Item inserted for req_id: USA2760S164
2025-04-12 19:38:32 [job_spider] INFO: Item inserted for req_id: USA0578S164
2025-04-12 19:38:32 [job_spider] INFO: Item inserted for req_id: USA2736S164
2025-04-12 19:38:32 [job_spider] INFO: Item inserted for req_id: USA6637S135P
2025-04-12 19:38:32 [job_spider] INFO: Item inserted for req_id: USA2193S135
2025-04-12 19:38:32 [job_spider] INFO: Item inserted for req_id: 210000YW
2025-04-12 19:38:32 [job_spider] INFO: Item inserted for req_id: P25-7235-67
2025-04-12 19:38:32 [job_spider] INFO: Item inserted for req_id: P25-7351-3
2025-04-12 19:38:32 [job_spider] INFO: Item inserted for req_id: 51239
2025-04-12 19:38:32 [job_spider] INFO: Item inserted for req_id: 412998BR
2025-04-12 19:38:32 [job_spider] INFO: Item inserted for req_id: P25-7189-39
2025-04-12 19:38:32 [job_spider] INFO: Item inserted for req_id: P25-7259-72
2025-04-12 19:38:32 [job_spider] INFO: Item inserted for req_id: P25-7261-39
2025-04-12 19:38:32 [job_spider] INFO: Item inserted for req_id: P25-7218-32
2025-04-12 19:38:32 [job_spider] INFO: Item inserted for req_id: P25-7197-43
2025-04-12 19:38:32 [job_spider] INFO: Item inserted for req_id: 412282BR
2025-04-12 19:38:32 [job_spider] INFO: Item inserted for req_id: P25-6996-52
2025-04-12 19:38:32 [job_spider] INFO: Item inserted for req_id: P25-7200-39
2025-04-12 19:38:32 [job_spider] INFO: Item inserted for req_id: P25-7201-39
2025-04-12 19:38:32 [job_spider] INFO: Item inserted for req_id: 412968BR
2025-04-12 19:38:32 [job_spider] INFO: Item inserted for req_id: RC698389
2025-04-12 19:38:32 [job_spider] INFO: Item inserted for req_id: 200001WJ
2025-04-12 19:38:32 [job_spider] INFO: Item inserted for req_id: USA0902S164
2025-04-12 19:38:32 [job_spider] INFO: Item inserted for req_id: USA0090S135P
2025-04-12 19:38:32 [job_spider] INFO: Item inserted for req_id: USA2193S164
2025-04-12 19:38:32 [job_spider] INFO: Item inserted for req_id: USA0009S135P
2025-04-12 19:38:32 [scrapy.core.engine] INFO: Closing spider (finished)
2025-04-12 19:38:32 [job_spider] INFO: Closing MongoDB connection.
2025-04-12 19:38:32 [job_spider] INFO: Closing Redis connection for deduplication pipeline.
2025-04-12 19:38:32 [scrapy.statscollectors] INFO: Dumping Scrapy stats:
{'downloader/request_bytes': 504,
 'downloader/request_count': 2,
 'downloader/request_method_count/GET': 2,
 'downloader/response_bytes': 1826870,
 'downloader/response_count': 2,
 'downloader/response_status_count/200': 2,
 'elapsed_time_seconds': 0.248331,
 'finish_reason': 'finished',
 'finish_time': datetime.datetime(2025, 4, 12, 19, 38, 32, 236272, tzinfo=datetime.timezone.utc),
 'item_scraped_count': 200,
 'items_per_minute': None,
 'log_count/INFO': 216,
 'memusage/max': 67887104,
 'memusage/startup': 67887104,
 'response_received_count': 2,
 'responses_per_minute': None,
 'scheduler/dequeued': 2,
 'scheduler/dequeued/memory': 2,
 'scheduler/enqueued': 2,
 'scheduler/enqueued/memory': 2,
 'start_time': datetime.datetime(2025, 4, 12, 19, 38, 31, 987941, tzinfo=datetime.timezone.utc)}
2025-04-12 19:38:32 [scrapy.core.engine] INFO: Spider closed (finished)
